 Weight on CVaR (lambda) =    0.20000
 Initial storage =   15.00000
 Expected Total Cost = -400.28439
 First stage cost =    0.16633
 Expected second stage cost =   -0.60692
 Value at Risk =
 CVaR =    4.08639
Costs
scenario   Fuel Cost    FutureCost   DemandCost  TotalCost  Stage2Cost  y(s)
   1.00000     0.47907     3.77365  -399.76046  -395.50774     4.08639
   2.00000     0.41002     2.50882  -399.79499  -396.87615     2.75250
   3.00000     0.36089     1.36904  -399.81955  -398.08962     1.56360
   4.00000     0.32489     0.33452  -399.83755  -399.17814     0.49308
   5.00000     0.29782    -0.61085  -399.85109  -400.16411    -0.47936
   6.00000     0.27702    -1.48013  -399.86149  -401.06460    -1.36944
   7.00000     0.26071    -2.28391  -399.86964  -401.89285    -2.18954
   8.00000     0.24771    -3.03089  -399.87615  -402.65933    -2.94952
   9.00000     0.23719    -3.72821  -399.88141  -403.37242    -3.65735
  10.00000     0.22856    -4.38180  -399.88572  -404.03896    -4.31957


Profits
scenario     Thermal     Hydro     ConsumerWelfare  Totalwelfare
   1.00000     0.47907    14.13057   380.89809   395.50774
   2.00000     0.41002    14.29086   382.17527   396.87615
   3.00000     0.36089    14.52682   383.20191   398.08962
   4.00000     0.32489    14.81144   384.04181   399.17814
   5.00000     0.29782    15.12652   384.73977   400.16411
   6.00000     0.27702    15.45974   385.32784   401.06460
   7.00000     0.26071    15.80275   385.82939   401.89285
   8.00000     0.24771    16.14986   386.26176   402.65933
   9.00000     0.23719    16.49718   386.63805   403.37242
  10.00000     0.22856    16.84207   386.96832   404.03896


Demand
scenario   demand1           demand2(s)
   1.00000     9.79608     9.72038
   2.00000     9.79608     9.75318
   3.00000     9.79608     9.77946
   4.00000     9.79608     9.80090
   5.00000     9.79608     9.81869
   6.00000     9.79608     9.83365
   7.00000     9.79608     9.84640
   8.00000     9.79608     9.85737
   9.00000     9.79608     9.86691
  10.00000     9.79608     9.87527


Electricity Prices
scenario   Pi(1)           Pi(2)
   1.00000     0.81568     1.11846
   2.00000     0.81568     0.98729
   3.00000     0.81568     0.88217
   4.00000     0.81568     0.79638
   5.00000     0.81568     0.72523
   6.00000     0.81568     0.66538
   7.00000     0.81568     0.61441
   8.00000     0.81568     0.57053
   9.00000     0.81568     0.53237
  10.00000     0.81568     0.49891


Storage              Hydro 1               Hydro 2
scenario        n = 1        n = 2       n = 1      n = 2
   1.00000    12.29108     6.75666
   2.00000    12.29108     7.68115
   3.00000    12.29108     8.62054
   4.00000    12.29108     9.57101
   5.00000    12.29108    10.52989
   6.00000    12.29108    11.49527
   7.00000    12.29108    12.46577
   8.00000    12.29108    13.44035
   9.00000    12.29108    14.41824
  10.00000    12.29108    15.39884


Inflow              Hydro 1               Hydro 2
scenario        n = 1        n = 2       n = 1      n = 2
   1.00000     4.00000     1.00000
   2.00000     4.00000     2.00000
   3.00000     4.00000     3.00000
   4.00000     4.00000     4.00000
   5.00000     4.00000     5.00000
   6.00000     4.00000     6.00000
   7.00000     4.00000     7.00000
   8.00000     4.00000     8.00000
   9.00000     4.00000     9.00000
  10.00000     4.00000    10.00000


Release              Hydro 1               Hydro 2
scenario        n = 1        n = 2       n = 1      n = 2
   1.00000     6.70892     6.53442
   2.00000     6.70892     6.60993
   3.00000     6.70892     6.67054
   4.00000     6.70892     6.72007
   5.00000     6.70892     6.76119
   6.00000     6.70892     6.79580
   7.00000     6.70892     6.82531
   8.00000     6.70892     6.85073
   9.00000     6.70892     6.87284
  10.00000     6.70892     6.89224


Spill              Hydro 1               Hydro 2
scenario        n = 1        n = 2       n = 1      n = 2
   1.00000     0.00000     0.00000
   2.00000     0.00000     0.00000
   3.00000     0.00000     0.00000
   4.00000     0.00000     0.00000
   5.00000     0.00000     0.00000
   6.00000     0.00000     0.00000
   7.00000     0.00000     0.00000
   8.00000     0.00000     0.00000
   9.00000     0.00000     0.00000
  10.00000     0.00000     0.00000


Thermals              Thermal 1               Thermal 2
scenario        n = 1        n = 2       n = 1      n = 2
   1.00000     0.40784     0.55923
   2.00000     0.40784     0.49365
   3.00000     0.40784     0.44109
   4.00000     0.40784     0.39819
   5.00000     0.40784     0.36262
   6.00000     0.40784     0.33269
   7.00000     0.40784     0.30721
   8.00000     0.40784     0.28526
   9.00000     0.40784     0.26619
  10.00000     0.40784     0.24946

