 Weight on CVaR (lambda) =    0.20000
 Initial storage =   10.00000
 Expected Total Cost =    5.61715
 First stage cost =    0.59685
 Expected second stage cost =    5.02030
 Contract price = 0
Costs
scenario   Fuel Cost    FutureCost   DemandCost  TotalCost  Stage2Cost  y(s)
   1.00000     2.12499    11.88187  -398.93750  -384.93064    13.41001
   2.00000     1.60105     9.72237  -399.19948  -387.87606    10.72656
   3.00000     1.28596     7.79495  -399.35702  -390.27612     8.48405
   4.00000     1.08995     6.08801  -399.45503  -392.27707     6.58110
   5.00000     0.96306     4.57496  -399.51847  -393.98044     4.94117
   6.00000     0.87762     3.22675  -399.56119  -395.45681     3.50752
   7.00000     0.81799     2.01702  -399.59101  -396.75601     2.23815
   8.00000     0.77500     0.92355  -399.61250  -397.91394     1.10170
   9.00000     0.74315    -0.07183  -399.62842  -398.95709     0.07448
  10.00000     0.71898    -0.98386  -399.64051  -399.90540    -0.86174


Profits
scenario     Thermal     Hydro     ConsumerWelfare  Totalwelfare
   1.00000         384.93064
   2.00000         387.87606
   3.00000         390.27612
   4.00000         392.27707
   5.00000         393.98044
   6.00000         395.45681
   7.00000         396.75601
   8.00000         397.91394
   9.00000         398.95709
  10.00000         399.90540


Demand
scenario   demand1           demand2(s)
   1.00000     9.61372     9.38191
   2.00000     9.61372     9.49895
   3.00000     9.61372     9.58494
   4.00000     9.61372     9.64890
   5.00000     9.61372     9.69742
   6.00000     9.61372     9.73506
   7.00000     9.61372     9.76488
   8.00000     9.61372     9.78896
   9.00000     9.61372     9.80875
  10.00000     9.61372     9.82527


Electricity Prices
scenario   Pi(1)           Pi(2)
   1.00000     1.54512     2.47236
   2.00000     1.54512     2.00419
   3.00000     1.54512     1.66024
   4.00000     1.54512     1.40441
   5.00000     1.54512     1.21030
   6.00000     1.54512     1.05976
   7.00000     1.54512     0.94049
   8.00000     1.54512     0.84416
   9.00000     1.54512     0.76499
  10.00000     1.54512     0.69892


RiskContracts
scenario     tradet     tradeh    tradec   tradeprice(s)
   1.00000           0.28000
   2.00000           0.08000
   3.00000           0.08000
   4.00000           0.08000
   5.00000           0.08000
   6.00000           0.08000
   7.00000           0.08000
   8.00000           0.08000
   9.00000           0.08000
  10.00000           0.08000


Storage              Hydro 1               Hydro 2
scenario        n = 1        n = 2       n = 1      n = 2
   1.00000     7.71029     2.94773
   2.00000     7.71029     3.68236
   3.00000     7.71029     4.48638
   4.00000     7.71029     5.34003
   5.00000     7.71029     6.22866
   6.00000     7.71029     7.14209
   7.00000     7.71029     8.07339
   8.00000     7.71029     9.01781
   9.00000     7.71029     9.97208
  10.00000     7.71029    10.93389


Inflow              Hydro 1               Hydro 2
scenario        n = 1        n = 2       n = 1      n = 2
   1.00000     4.00000     1.00000
   2.00000     4.00000     2.00000
   3.00000     4.00000     3.00000
   4.00000     4.00000     4.00000
   5.00000     4.00000     5.00000
   6.00000     4.00000     6.00000
   7.00000     4.00000     7.00000
   8.00000     4.00000     8.00000
   9.00000     4.00000     9.00000
  10.00000     4.00000    10.00000


Release              Hydro 1               Hydro 2
scenario        n = 1        n = 2       n = 1      n = 2
   1.00000     6.28971     5.76256
   2.00000     6.28971     6.02793
   3.00000     6.28971     6.22392
   4.00000     6.28971     6.37026
   5.00000     6.28971     6.48163
   6.00000     6.28971     6.56820
   7.00000     6.28971     6.63690
   8.00000     6.28971     6.69248
   9.00000     6.28971     6.73821
  10.00000     6.28971     6.77640


Spill              Hydro 1               Hydro 2
scenario        n = 1        n = 2       n = 1      n = 2
   1.00000     0.00000     0.00000
   2.00000     0.00000     0.00000
   3.00000     0.00000     0.00000
   4.00000     0.00000     0.00000
   5.00000     0.00000     0.00000
   6.00000     0.00000     0.00000
   7.00000     0.00000     0.00000
   8.00000     0.00000     0.00000
   9.00000     0.00000     0.00000
  10.00000     0.00000     0.00000


Thermals              Thermal 1               Thermal 2
scenario        n = 1        n = 2       n = 1      n = 2
   1.00000     0.77256     1.23618
   2.00000     0.77256     1.00210
   3.00000     0.77256     0.83012
   4.00000     0.77256     0.70221
   5.00000     0.77256     0.60515
   6.00000     0.77256     0.52988
   7.00000     0.77256     0.47025
   8.00000     0.77256     0.42208
   9.00000     0.77256     0.38249
  10.00000     0.77256     0.34946


Objective values       Thermal                Hydro
                  n = 1        n = 2       n = 1      n = 2
                 -1.30482       -20.93911

